[35m[.][0m (tests/16_tests.c:70:main) ----- RUNNING: ./tests/16_tests
[35m[.][0m (tests/16_tests.c:63:all_tests) 
..... 
[35m[.][0m (tests/16_tests.c:64:all_tests) 
..... 
[35m[.][0m (tests/16_tests.c:33:test_encode) Value: AbYAZBBA
[35m[.][0m (tests/16_tests.c:37:test_encode) Value: Xo
[35m[.][0m (tests/16_tests.c:41:test_encode) Value: GoGOGx
[35m[.][0m (tests/16_tests.c:65:all_tests) 
..... 
[31m[!][0m (src/16.c:96:Base16_decode) AbYAZBBA
[31m[!][0m (src/16.c:68:get_b16_data) Before AbYAZBBA
[31m[!][0m (src/16.c:76:get_b16_data) Before get A,B
[31m[!][0m (src/16.c:60:get_pos_in_alpha) While A, 
[31m[!][0m (src/16.c:60:get_pos_in_alpha) While b, 
[31m[!][0m (src/16.c:79:get_b16_data) After e, f
[31m[!][0m (src/16.c:76:get_b16_data) Before get A,B
[31m[!][0m (src/16.c:60:get_pos_in_alpha) While Y, 
[31m[!][0m (src/16.c:60:get_pos_in_alpha) While A, 
[31m[!][0m (src/16.c:79:get_b16_data) After b, e
[31m[!][0m (src/16.c:76:get_b16_data) Before get A,B
[31m[!][0m (src/16.c:60:get_pos_in_alpha) While Z, 

[31m[!][0m (src/16.c:60:get_pos_in_alpha) While B, 
[31m[!][0m (src/16.c:79:get_b16_data) After a, d
[31m[!][0m (src/16.c:76:get_b16_data) Before get A,B
[31m[!][0m (src/16.c:60:get_pos_in_alpha) While B, 
[31m[!][0m (src/16.c:60:get_pos_in_alpha) While A, 
[31m[!][0m (src/16.c:79:get_b16_data) After d, e
[31m[!][0m (tests/16_tests.c:47:test_decode) deadbeef
[31m[!][0m (src/16.c:96:Base16_decode) Xo
[31m[!][0m (src/16.c:68:get_b16_data) Before Xo
[31m[!][0m (src/16.c:76:get_b16_data) Before get X,Y
[31m[!][0m (src/16.c:60:get_pos_in_alpha) While X,  
[31m[!][0m (src/16.c:60:get_pos_in_alpha) While o, 
[31m[!][0m (src/16.c:79:get_b16_data) After 0, 1
[31m[!][0m (tests/16_tests.c:51:test_decode) 1
[31m[!][0m (src/16.c:96:Base16_decode) GoGOGx
[31m[!][0m (src/16.c:68:get_b16_data) Before GoGOGx
[31m[!][0m (src/16.c:76:get_b16_data) Before get G,H
[31m[!][0m (src/16.c:60:get_pos_in_alpha) While G, 
[31m[!][0m (src/16.c:60:get_pos_in_alpha) While o, 
[31m[!][0m (src/16.c:79:get_b16_data) After 4, 1
[31m[!][0m (src/16.c:76:get_b16_data) Before get G,H
[31m[!][0m (src/16.c:60:get_pos_in_alpha) While G, 
[31m[!][0m (src/16.c:60:get_pos_in_alpha) While O, 
[31m[!][0m (src/16.c:79:get_b16_data) After 4, 2
[31m[!][0m (src/16.c:76:get_b16_data) Before get G,H
[31m[!][0m (src/16.c:60:get_pos_in_alpha) While G, 
[31m[!][0m (src/16.c:60:get_pos_in_alpha) While x, 
[31m[!][0m (src/16.c:79:get_b16_data) After 4, 3
[31m[!][0m (tests/16_tests.c:55:test_decode) ABC
[35m[.][0m (tests/16_tests.c:66:all_tests) 
..... 
[35m[.][0m (tests/16_tests.c:70:main) ----- RUNNING: ./tests/16_tests
[35m[.][0m (tests/16_tests.c:63:all_tests) 
..... 
[35m[.][0m (tests/16_tests.c:64:all_tests) 
..... 
[35m[.][0m (tests/16_tests.c:33:test_encode) Value: AbYAZBBA
[35m[.][0m (tests/16_tests.c:37:test_encode) Value: Xo
[35m[.][0m (tests/16_tests.c:41:test_encode) Value: GoGOGxGGGwGgGWGyGzGZGYGaGBGAGbwXwowOwxwGwwwgwWwywzwZ
[31m[!][0m (tests/16_tests.c:42:test_encode: errno: None) Encoded Value not correnct!
[35m[.][0m (tests/16_tests.c:70:main) ----- RUNNING: ./tests/16_tests
[35m[.][0m (tests/16_tests.c:63:all_tests) 
..... 
[35m[.][0m (tests/16_tests.c:64:all_tests) 
..... 
[35m[.][0m (tests/16_tests.c:33:test_encode) Value: AbYAZBBA
[35m[.][0m (tests/16_tests.c:37:test_encode) Value: Xo
[35m[.][0m (tests/16_tests.c:41:test_encode) Value: GoGOGxGGGwGgGWGyGzGZGYGaGBGAGbwXwowOwxwGwwwgwWwywzwZ
[35m[.][0m (tests/16_tests.c:65:all_tests) 
..... 
[31m[!][0m (src/16.c:96:Base16_decode) AbYAZBBA
[31m[!][0m (src/16.c:68:get_b16_data) Before AbYAZBBA
[31m[!][0m (src/16.c:76:get_b16_data) Before get A,B
[31m[!][0m (src/16.c:60:get_pos_in_alpha) While A, 
[31m[!][0m (src/16.c:60:get_pos_in_alpha) While b, 
[31m[!][0m (src/16.c:79:get_b16_data) After e, f
[31m[!][0m (src/16.c:76:get_b16_data) Before get A,B
[31m[!][0m (src/16.c:60:get_pos_in_alpha) While Y, 
[31m[!][0m (src/16.c:60:get_pos_in_alpha) While A, 
[31m[!][0m (src/16.c:79:get_b16_data) After b, e
[31m[!][0m (src/16.c:76:get_b16_data) Before get A,B
[31m[!][0m (src/16.c:60:get_pos_in_alpha) While Z, 

[31m[!][0m (src/16.c:60:get_pos_in_alpha) While B, 
[31m[!][0m (src/16.c:79:get_b16_data) After a, d
[31m[!][0m (src/16.c:76:get_b16_data) Before get A,B
[31m[!][0m (src/16.c:60:get_pos_in_alpha) While B, 
[31m[!][0m (src/16.c:60:get_pos_in_alpha) While A, 
[31m[!][0m (src/16.c:79:get_b16_data) After d, e
[31m[!][0m (tests/16_tests.c:47:test_decode) deadbeef
[31m[!][0m (src/16.c:96:Base16_decode) Xo
[31m[!][0m (src/16.c:68:get_b16_data) Before Xo
[31m[!][0m (src/16.c:76:get_b16_data) Before get X,Y
[31m[!][0m (src/16.c:60:get_pos_in_alpha) While X,  
[31m[!][0m (src/16.c:60:get_pos_in_alpha) While o, 
[31m[!][0m (src/16.c:79:get_b16_data) After 0, 1
[31m[!][0m (tests/16_tests.c:51:test_decode) 1
[31m[!][0m (src/16.c:96:Base16_decode) GoGOGxGGGwGgGWGyGzGZGYGaGBGAGbwXwowOwxwGwwwgwWwywzwZ
[31m[!][0m (src/16.c:68:get_b16_data) Before GoGOGxGGGwGgGWGyGzGZGYGaGBGAGbwXwowOwxwGwwwgwWwywzwZ
[31m[!][0m (src/16.c:76:get_b16_data) Before get G,H
[31m[!][0m (src/16.c:60:get_pos_in_alpha) While G, 
[31m[!][0m (src/16.c:60:get_pos_in_alpha) While o, 
[31m[!][0m (src/16.c:79:get_b16_data) After 4, 1
[31m[!][0m (src/16.c:76:get_b16_data) Before get G,H
[31m[!][0m (src/16.c:60:get_pos_in_alpha) While G, 
[31m[!][0m (src/16.c:60:get_pos_in_alpha) While O, 
[31m[!][0m (src/16.c:79:get_b16_data) After 4, 2
[31m[!][0m (src/16.c:76:get_b16_data) Before get G,H
[31m[!][0m (src/16.c:60:get_pos_in_alpha) While G, 
[31m[!][0m (src/16.c:60:get_pos_in_alpha) While x, 
[31m[!][0m (src/16.c:79:get_b16_data) After 4, 3
[31m[!][0m (src/16.c:76:get_b16_data) Before get G,H
[31m[!][0m (src/16.c:60:get_pos_in_alpha) While G, 
[31m[!][0m (src/16.c:60:get_pos_in_alpha) While G, 
[31m[!][0m (src/16.c:79:get_b16_data) After 4, 4
[31m[!][0m (src/16.c:76:get_b16_data) Before get G,H
[31m[!][0m (src/16.c:60:get_pos_in_alpha) While G, 
[31m[!][0m (src/16.c:60:get_pos_in_alpha) While w, 
[31m[!][0m (src/16.c:79:get_b16_data) After 4, 5
[31m[!][0m (src/16.c:76:get_b16_data) Before get G,H
[31m[!][0m (src/16.c:60:get_pos_in_alpha) While G, 
[31m[!][0m (src/16.c:60:get_pos_in_alpha) While g, 
[31m[!][0m (src/16.c:79:get_b16_data) After 4, 6
[31m[!][0m (src/16.c:76:get_b16_data) Before get G,H
[31m[!][0m (src/16.c:60:get_pos_in_alpha) While G, 
[31m[!][0m (src/16.c:60:get_pos_in_alpha) While W, 
[31m[!][0m (src/16.c:79:get_b16_data) After 4, 7
[31m[!][0m (src/16.c:76:get_b16_data) Before get G,H
[31m[!][0m (src/16.c:60:get_pos_in_alpha) While G, 
[31m[!][0m (src/16.c:60:get_pos_in_alpha) While y, 
[31m[!][0m (src/16.c:79:get_b16_data) After 4, 8
[31m[!][0m (src/16.c:76:get_b16_data) Before get G,H
[31m[!][0m (src/16.c:60:get_pos_in_alpha) While G, 
[31m[!][0m (src/16.c:60:get_pos_in_alpha) While z, 	
[31m[!][0m (src/16.c:79:get_b16_data) After 4, 9
[31m[!][0m (src/16.c:76:get_b16_data) Before get G,H
[31m[!][0m (src/16.c:60:get_pos_in_alpha) While G, 
[31m[!][0m (src/16.c:60:get_pos_in_alpha) While Z, 

[31m[!][0m (src/16.c:79:get_b16_data) After 4, a
[31m[!][0m (src/16.c:76:get_b16_data) Before get G,H
[31m[!][0m (src/16.c:60:get_pos_in_alpha) While G, 
[31m[!][0m (src/16.c:60:get_pos_in_alpha) While Y, 
[31m[!][0m (src/16.c:79:get_b16_data) After 4, b
[31m[!][0m (src/16.c:76:get_b16_data) Before get G,H
[31m[!][0m (src/16.c:60:get_pos_in_alpha) While G, 
[31m[!][0m (src/16.c:60:get_pos_in_alpha) While a, 
[31m[!][0m (src/16.c:79:get_b16_data) After 4, c
[31m[!][0m (src/16.c:76:get_b16_data) Before get G,H
[31m[!][0m (src/16.c:60:get_pos_in_alpha) While G, 
[31m[!][0m (src/16.c:60:get_pos_in_alpha) While B, 
[31m[!][0m (src/16.c:79:get_b16_data) After 4, d
[31m[!][0m (src/16.c:76:get_b16_data) Before get G,H
[31m[!][0m (src/16.c:60:get_pos_in_alpha) While G, 
[31m[!][0m (src/16.c:60:get_pos_in_alpha) While A, 
[31m[!][0m (src/16.c:79:get_b16_data) After 4, e
[31m[!][0m (src/16.c:76:get_b16_data) Before get G,H
[31m[!][0m (src/16.c:60:get_pos_in_alpha) While G, 
[31m[!][0m (src/16.c:60:get_pos_in_alpha) While b, 
[31m[!][0m (src/16.c:79:get_b16_data) After 4, f
[31m[!][0m (src/16.c:76:get_b16_data) Before get G,H
[31m[!][0m (src/16.c:60:get_pos_in_alpha) While w, 
[31m[!][0m (src/16.c:60:get_pos_in_alpha) While X,  
[31m[!][0m (src/16.c:79:get_b16_data) After 5, 0
[31m[!][0m (src/16.c:76:get_b16_data) Before get G,H
[31m[!][0m (src/16.c:60:get_pos_in_alpha) While w, 
[31m[!][0m (src/16.c:60:get_pos_in_alpha) While o, 
[31m[!][0m (src/16.c:79:get_b16_data) After 5, 1
[31m[!][0m (src/16.c:76:get_b16_data) Before get G,H
[31m[!][0m (src/16.c:60:get_pos_in_alpha) While w, 
[31m[!][0m (src/16.c:60:get_pos_in_alpha) While O, 
[31m[!][0m (src/16.c:79:get_b16_data) After 5, 2
[31m[!][0m (src/16.c:76:get_b16_data) Before get G,H
[31m[!][0m (src/16.c:60:get_pos_in_alpha) While w, 
[31m[!][0m (src/16.c:60:get_pos_in_alpha) While x, 
[31m[!][0m (src/16.c:79:get_b16_data) After 5, 3
[31m[!][0m (src/16.c:76:get_b16_data) Before get G,H
[31m[!][0m (src/16.c:60:get_pos_in_alpha) While w, 
[31m[!][0m (src/16.c:60:get_pos_in_alpha) While G, 
[31m[!][0m (src/16.c:79:get_b16_data) After 5, 4
[31m[!][0m (src/16.c:76:get_b16_data) Before get G,H
[31m[!][0m (src/16.c:60:get_pos_in_alpha) While w, 
[31m[!][0m (src/16.c:60:get_pos_in_alpha) While w, 
[31m[!][0m (src/16.c:79:get_b16_data) After 5, 5
[31m[!][0m (src/16.c:76:get_b16_data) Before get G,H
[31m[!][0m (src/16.c:60:get_pos_in_alpha) While w, 
[31m[!][0m (src/16.c:60:get_pos_in_alpha) While g, 
[31m[!][0m (src/16.c:79:get_b16_data) After 5, 6
[31m[!][0m (src/16.c:76:get_b16_data) Before get G,H
[31m[!][0m (src/16.c:60:get_pos_in_alpha) While w, 
[31m[!][0m (src/16.c:60:get_pos_in_alpha) While W, 
[31m[!][0m (src/16.c:79:get_b16_data) After 5, 7
[31m[!][0m (src/16.c:76:get_b16_data) Before get G,H
[31m[!][0m (src/16.c:60:get_pos_in_alpha) While w, 
[31m[!][0m (src/16.c:60:get_pos_in_alpha) While y, 
[31m[!][0m (src/16.c:79:get_b16_data) After 5, 8
[31m[!][0m (src/16.c:76:get_b16_data) Before get G,H
[31m[!][0m (src/16.c:60:get_pos_in_alpha) While w, 
[31m[!][0m (src/16.c:60:get_pos_in_alpha) While z, 	
[31m[!][0m (src/16.c:79:get_b16_data) After 5, 9
[31m[!][0m (src/16.c:76:get_b16_data) Before get G,H
[31m[!][0m (src/16.c:60:get_pos_in_alpha) While w, 
[31m[!][0m (src/16.c:60:get_pos_in_alpha) While Z, 

[31m[!][0m (src/16.c:79:get_b16_data) After 5, a
[31m[!][0m (tests/16_tests.c:55:test_decode) ABCDEFGHIJKLMNOPQRSTUVWXYZ
[35m[.][0m (tests/16_tests.c:66:all_tests) 
..... 
